<?xml version="1.0" encoding="utf-8"?><testsuites><testsuite errors="0" failures="0" hostname="Jurgens-iMac" name="pytest" skipped="0" tests="0" time="0.019" timestamp="2019-10-04T22:17:25.031411"></testsuite></testsuites>
